Archive member included because of file (symbol)

c:/program files (x86)/gnu tools arm embedded/4.9 2015q3/bin/../lib/gcc/arm-none-eabi/4.9.3/../../../../arm-none-eabi/lib/armv7e-m\libg_nano.a(lib_a-exit.o)
                              c:/program files (x86)/gnu tools arm embedded/4.9 2015q3/bin/../lib/gcc/arm-none-eabi/4.9.3/../../../../arm-none-eabi/lib/armv7e-m/crt0.o (exit)
c:/program files (x86)/gnu tools arm embedded/4.9 2015q3/bin/../lib/gcc/arm-none-eabi/4.9.3/../../../../arm-none-eabi/lib/armv7e-m\libg_nano.a(lib_a-impure.o)
                              c:/program files (x86)/gnu tools arm embedded/4.9 2015q3/bin/../lib/gcc/arm-none-eabi/4.9.3/../../../../arm-none-eabi/lib/armv7e-m\libg_nano.a(lib_a-exit.o) (_global_impure_ptr)
c:/program files (x86)/gnu tools arm embedded/4.9 2015q3/bin/../lib/gcc/arm-none-eabi/4.9.3/../../../../arm-none-eabi/lib/armv7e-m\libg_nano.a(lib_a-init.o)
                              c:/program files (x86)/gnu tools arm embedded/4.9 2015q3/bin/../lib/gcc/arm-none-eabi/4.9.3/../../../../arm-none-eabi/lib/armv7e-m/crt0.o (__libc_init_array)
c:/program files (x86)/gnu tools arm embedded/4.9 2015q3/bin/../lib/gcc/arm-none-eabi/4.9.3/../../../../arm-none-eabi/lib/armv7e-m\libg_nano.a(lib_a-memset.o)
                              c:/program files (x86)/gnu tools arm embedded/4.9 2015q3/bin/../lib/gcc/arm-none-eabi/4.9.3/../../../../arm-none-eabi/lib/armv7e-m/crt0.o (memset)

Discarded input sections

 .text          0x00000000        0x0 c:/program files (x86)/gnu tools arm embedded/4.9 2015q3/bin/../lib/gcc/arm-none-eabi/4.9.3/armv7e-m/crti.o
 .data          0x00000000        0x0 c:/program files (x86)/gnu tools arm embedded/4.9 2015q3/bin/../lib/gcc/arm-none-eabi/4.9.3/armv7e-m/crti.o
 .bss           0x00000000        0x0 c:/program files (x86)/gnu tools arm embedded/4.9 2015q3/bin/../lib/gcc/arm-none-eabi/4.9.3/armv7e-m/crti.o
 .data          0x00000000        0x4 c:/program files (x86)/gnu tools arm embedded/4.9 2015q3/bin/../lib/gcc/arm-none-eabi/4.9.3/armv7e-m/crtbegin.o
 .text          0x00000000       0x74 c:/program files (x86)/gnu tools arm embedded/4.9 2015q3/bin/../lib/gcc/arm-none-eabi/4.9.3/../../../../arm-none-eabi/lib/armv7e-m/crt0.o
 .data          0x00000000        0x0 c:/program files (x86)/gnu tools arm embedded/4.9 2015q3/bin/../lib/gcc/arm-none-eabi/4.9.3/../../../../arm-none-eabi/lib/armv7e-m/crt0.o
 .bss           0x00000000        0x0 c:/program files (x86)/gnu tools arm embedded/4.9 2015q3/bin/../lib/gcc/arm-none-eabi/4.9.3/../../../../arm-none-eabi/lib/armv7e-m/crt0.o
 .ARM.extab     0x00000000        0x0 c:/program files (x86)/gnu tools arm embedded/4.9 2015q3/bin/../lib/gcc/arm-none-eabi/4.9.3/../../../../arm-none-eabi/lib/armv7e-m/crt0.o
 .ARM.exidx     0x00000000        0x8 c:/program files (x86)/gnu tools arm embedded/4.9 2015q3/bin/../lib/gcc/arm-none-eabi/4.9.3/../../../../arm-none-eabi/lib/armv7e-m/crt0.o
 .ARM.attributes
                0x00000000       0x1c c:/program files (x86)/gnu tools arm embedded/4.9 2015q3/bin/../lib/gcc/arm-none-eabi/4.9.3/../../../../arm-none-eabi/lib/armv7e-m/crt0.o
 .group         0x00000000        0x8 ./src/main.o
 .group         0x00000000        0x8 ./src/main.o
 .group         0x00000000        0x8 ./src/main.o
 .group         0x00000000        0x8 ./src/main.o
 .group         0x00000000        0x8 ./src/main.o
 .group         0x00000000        0x8 ./src/main.o
 .group         0x00000000        0x8 ./src/main.o
 .group         0x00000000        0x8 ./src/main.o
 .group         0x00000000        0x8 ./src/main.o
 .group         0x00000000        0x8 ./src/main.o
 .group         0x00000000        0x8 ./src/main.o
 .group         0x00000000        0x8 ./src/main.o
 .group         0x00000000        0x8 ./src/main.o
 .group         0x00000000        0x8 ./src/main.o
 .group         0x00000000        0x8 ./src/main.o
 .group         0x00000000        0x8 ./src/main.o
 .group         0x00000000        0x8 ./src/main.o
 .text          0x00000000        0x0 ./src/main.o
 .data          0x00000000        0x0 ./src/main.o
 .bss           0x00000000        0x0 ./src/main.o
 .text.GPIO_Config
                0x00000000       0x50 ./src/main.o
 .text.TIM_Config
                0x00000000       0xb8 ./src/main.o
 .text.NVIC_Config
                0x00000000       0x8c ./src/main.o
 .text.ADC_Config
                0x00000000       0x60 ./src/main.o
 .text.USART_Config
                0x00000000       0x50 ./src/main.o
 .text.main     0x00000000       0x24 ./src/main.o
 .rodata.str1.4
                0x00000000       0x13 ./src/main.o
 .debug_info    0x00000000     0x11fe ./src/main.o
 .debug_abbrev  0x00000000      0x1ac ./src/main.o
 .debug_aranges
                0x00000000       0x48 ./src/main.o
 .debug_ranges  0x00000000       0x38 ./src/main.o
 .debug_macro   0x00000000       0xd4 ./src/main.o
 .debug_macro   0x00000000      0x89e ./src/main.o
 .debug_macro   0x00000000       0x64 ./src/main.o
 .debug_macro   0x00000000       0x3b ./src/main.o
 .debug_macro   0x00000000      0x34e ./src/main.o
 .debug_macro   0x00000000       0x2d ./src/main.o
 .debug_macro   0x00000000       0x26 ./src/main.o
 .debug_macro   0x00000000      0xd39 ./src/main.o
 .debug_macro   0x00000000     0x8ca5 ./src/main.o
 .debug_macro   0x00000000      0x44f ./src/main.o
 .debug_macro   0x00000000       0xb5 ./src/main.o
 .debug_macro   0x00000000      0x2f4 ./src/main.o
 .debug_macro   0x00000000      0x650 ./src/main.o
 .debug_macro   0x00000000       0xf7 ./src/main.o
 .debug_macro   0x00000000      0x73b ./src/main.o
 .debug_macro   0x00000000      0x223 ./src/main.o
 .debug_macro   0x00000000       0x82 ./src/main.o
 .debug_macro   0x00000000       0x35 ./src/main.o
 .debug_line    0x00000000      0x42b ./src/main.o
 .debug_str     0x00000000    0x497c2 ./src/main.o
 .comment       0x00000000       0x71 ./src/main.o
 .debug_frame   0x00000000       0xd0 ./src/main.o
 .ARM.attributes
                0x00000000       0x33 ./src/main.o
 .group         0x00000000        0x8 ./src/stm32f4xx_it.o
 .group         0x00000000        0x8 ./src/stm32f4xx_it.o
 .group         0x00000000        0x8 ./src/stm32f4xx_it.o
 .group         0x00000000        0x8 ./src/stm32f4xx_it.o
 .group         0x00000000        0x8 ./src/stm32f4xx_it.o
 .group         0x00000000        0x8 ./src/stm32f4xx_it.o
 .group         0x00000000        0x8 ./src/stm32f4xx_it.o
 .group         0x00000000        0x8 ./src/stm32f4xx_it.o
 .group         0x00000000        0x8 ./src/stm32f4xx_it.o
 .group         0x00000000        0x8 ./src/stm32f4xx_it.o
 .group         0x00000000        0x8 ./src/stm32f4xx_it.o
 .group         0x00000000        0x8 ./src/stm32f4xx_it.o
 .group         0x00000000        0x8 ./src/stm32f4xx_it.o
 .group         0x00000000        0x8 ./src/stm32f4xx_it.o
 .group         0x00000000        0x8 ./src/stm32f4xx_it.o
 .group         0x00000000        0x8 ./src/stm32f4xx_it.o
 .group         0x00000000        0x8 ./src/stm32f4xx_it.o
 .text          0x00000000        0x0 ./src/stm32f4xx_it.o
 .data          0x00000000        0x0 ./src/stm32f4xx_it.o
 .bss           0x00000000        0x0 ./src/stm32f4xx_it.o
 .text.NMI_Handler
                0x00000000        0x4 ./src/stm32f4xx_it.o
 .text.HardFault_Handler
                0x00000000        0x4 ./src/stm32f4xx_it.o
 .text.MemManage_Handler
                0x00000000        0x4 ./src/stm32f4xx_it.o
 .text.BusFault_Handler
                0x00000000        0x4 ./src/stm32f4xx_it.o
 .text.UsageFault_Handler
                0x00000000        0x4 ./src/stm32f4xx_it.o
 .text.SVC_Handler
                0x00000000        0x4 ./src/stm32f4xx_it.o
 .text.DebugMon_Handler
                0x00000000        0x4 ./src/stm32f4xx_it.o
 .text.PendSV_Handler
                0x00000000        0x4 ./src/stm32f4xx_it.o
 .text.SysTick_Handler
                0x00000000        0x4 ./src/stm32f4xx_it.o
 .text.TIM1_CC_IRQHandler
                0x00000000       0x84 ./src/stm32f4xx_it.o
 .text.TIM1_UP_TIM10_IRQHandler
                0x00000000       0x3c ./src/stm32f4xx_it.o
 .text.EXTI0_IRQHandler
                0x00000000       0x34 ./src/stm32f4xx_it.o
 .text.ADC_IRQHandler
                0x00000000       0x28 ./src/stm32f4xx_it.o
 .text.USART1_IRQHandler
                0x00000000       0x80 ./src/stm32f4xx_it.o
 .bss.RxByte.6018
                0x00000000        0x2 ./src/stm32f4xx_it.o
 .debug_info    0x00000000      0xbad ./src/stm32f4xx_it.o
 .debug_abbrev  0x00000000      0x1b2 ./src/stm32f4xx_it.o
 .debug_loc     0x00000000       0x13 ./src/stm32f4xx_it.o
 .debug_aranges
                0x00000000       0x88 ./src/stm32f4xx_it.o
 .debug_ranges  0x00000000       0x78 ./src/stm32f4xx_it.o
 .debug_macro   0x00000000       0xde ./src/stm32f4xx_it.o
 .debug_macro   0x00000000      0x89e ./src/stm32f4xx_it.o
 .debug_macro   0x00000000       0x64 ./src/stm32f4xx_it.o
 .debug_macro   0x00000000       0x3b ./src/stm32f4xx_it.o
 .debug_macro   0x00000000      0x34e ./src/stm32f4xx_it.o
 .debug_macro   0x00000000       0x2d ./src/stm32f4xx_it.o
 .debug_macro   0x00000000       0x26 ./src/stm32f4xx_it.o
 .debug_macro   0x00000000      0xd39 ./src/stm32f4xx_it.o
 .debug_macro   0x00000000     0x8ca5 ./src/stm32f4xx_it.o
 .debug_macro   0x00000000      0x44f ./src/stm32f4xx_it.o
 .debug_macro   0x00000000       0xb5 ./src/stm32f4xx_it.o
 .debug_macro   0x00000000      0x2f4 ./src/stm32f4xx_it.o
 .debug_macro   0x00000000      0x650 ./src/stm32f4xx_it.o
 .debug_macro   0x00000000       0xf7 ./src/stm32f4xx_it.o
 .debug_macro   0x00000000      0x73b ./src/stm32f4xx_it.o
 .debug_macro   0x00000000      0x223 ./src/stm32f4xx_it.o
 .debug_macro   0x00000000       0x82 ./src/stm32f4xx_it.o
 .debug_macro   0x00000000       0x35 ./src/stm32f4xx_it.o
 .debug_line    0x00000000      0x491 ./src/stm32f4xx_it.o
 .debug_str     0x00000000    0x48e3a ./src/stm32f4xx_it.o
 .comment       0x00000000       0x71 ./src/stm32f4xx_it.o
 .debug_frame   0x00000000      0x118 ./src/stm32f4xx_it.o
 .ARM.attributes
                0x00000000       0x33 ./src/stm32f4xx_it.o
 .group         0x00000000        0x8 ./src/system_stm32f4xx.o
 .group         0x00000000        0x8 ./src/system_stm32f4xx.o
 .group         0x00000000        0x8 ./src/system_stm32f4xx.o
 .group         0x00000000        0x8 ./src/system_stm32f4xx.o
 .group         0x00000000        0x8 ./src/system_stm32f4xx.o
 .group         0x00000000        0x8 ./src/system_stm32f4xx.o
 .group         0x00000000        0x8 ./src/system_stm32f4xx.o
 .group         0x00000000        0x8 ./src/system_stm32f4xx.o
 .group         0x00000000        0x8 ./src/system_stm32f4xx.o
 .group         0x00000000        0x8 ./src/system_stm32f4xx.o
 .group         0x00000000        0x8 ./src/system_stm32f4xx.o
 .group         0x00000000        0x8 ./src/system_stm32f4xx.o
 .group         0x00000000        0x8 ./src/system_stm32f4xx.o
 .group         0x00000000        0x8 ./src/system_stm32f4xx.o
 .group         0x00000000        0x8 ./src/system_stm32f4xx.o
 .group         0x00000000        0x8 ./src/system_stm32f4xx.o
 .group         0x00000000        0x8 ./src/system_stm32f4xx.o
 .text          0x00000000        0x0 ./src/system_stm32f4xx.o
 .data          0x00000000        0x0 ./src/system_stm32f4xx.o
 .bss           0x00000000        0x0 ./src/system_stm32f4xx.o
 .text.SetSysClock
                0x00000000       0xc4 ./src/system_stm32f4xx.o
 .text.SystemInit
                0x00000000       0x44 ./src/system_stm32f4xx.o
 .text.SystemCoreClockUpdate
                0x00000000       0xa4 ./src/system_stm32f4xx.o
 .data.AHBPrescTable
                0x00000000       0x10 ./src/system_stm32f4xx.o
 .data.SystemCoreClock
                0x00000000        0x4 ./src/system_stm32f4xx.o
 .debug_info    0x00000000      0x5c2 ./src/system_stm32f4xx.o
 .debug_abbrev  0x00000000      0x157 ./src/system_stm32f4xx.o
 .debug_loc     0x00000000      0x137 ./src/system_stm32f4xx.o
 .debug_aranges
                0x00000000       0x30 ./src/system_stm32f4xx.o
 .debug_ranges  0x00000000       0x20 ./src/system_stm32f4xx.o
 .debug_macro   0x00000000       0xf7 ./src/system_stm32f4xx.o
 .debug_macro   0x00000000      0x89e ./src/system_stm32f4xx.o
 .debug_macro   0x00000000       0x64 ./src/system_stm32f4xx.o
 .debug_macro   0x00000000       0x3b ./src/system_stm32f4xx.o
 .debug_macro   0x00000000      0x34e ./src/system_stm32f4xx.o
 .debug_macro   0x00000000       0x2d ./src/system_stm32f4xx.o
 .debug_macro   0x00000000       0x26 ./src/system_stm32f4xx.o
 .debug_macro   0x00000000      0xd39 ./src/system_stm32f4xx.o
 .debug_macro   0x00000000     0x8ca5 ./src/system_stm32f4xx.o
 .debug_macro   0x00000000      0x44f ./src/system_stm32f4xx.o
 .debug_macro   0x00000000       0xb5 ./src/system_stm32f4xx.o
 .debug_macro   0x00000000      0x2f4 ./src/system_stm32f4xx.o
 .debug_macro   0x00000000      0x650 ./src/system_stm32f4xx.o
 .debug_macro   0x00000000       0xf7 ./src/system_stm32f4xx.o
 .debug_macro   0x00000000      0x73b ./src/system_stm32f4xx.o
 .debug_macro   0x00000000      0x223 ./src/system_stm32f4xx.o
 .debug_macro   0x00000000       0x82 ./src/system_stm32f4xx.o
 .debug_macro   0x00000000       0x35 ./src/system_stm32f4xx.o
 .debug_line    0x00000000      0x3eb ./src/system_stm32f4xx.o
 .debug_str     0x00000000    0x48c67 ./src/system_stm32f4xx.o
 .comment       0x00000000       0x71 ./src/system_stm32f4xx.o
 .debug_frame   0x00000000       0x50 ./src/system_stm32f4xx.o
 .ARM.attributes
                0x00000000       0x33 ./src/system_stm32f4xx.o
 .text          0x00000000        0x0 c:/program files (x86)/gnu tools arm embedded/4.9 2015q3/bin/../lib/gcc/arm-none-eabi/4.9.3/../../../../arm-none-eabi/lib/armv7e-m\libg_nano.a(lib_a-exit.o)
 .data          0x00000000        0x0 c:/program files (x86)/gnu tools arm embedded/4.9 2015q3/bin/../lib/gcc/arm-none-eabi/4.9.3/../../../../arm-none-eabi/lib/armv7e-m\libg_nano.a(lib_a-exit.o)
 .bss           0x00000000        0x0 c:/program files (x86)/gnu tools arm embedded/4.9 2015q3/bin/../lib/gcc/arm-none-eabi/4.9.3/../../../../arm-none-eabi/lib/armv7e-m\libg_nano.a(lib_a-exit.o)
 .text.exit     0x00000000       0x28 c:/program files (x86)/gnu tools arm embedded/4.9 2015q3/bin/../lib/gcc/arm-none-eabi/4.9.3/../../../../arm-none-eabi/lib/armv7e-m\libg_nano.a(lib_a-exit.o)
 .debug_frame   0x00000000       0x28 c:/program files (x86)/gnu tools arm embedded/4.9 2015q3/bin/../lib/gcc/arm-none-eabi/4.9.3/../../../../arm-none-eabi/lib/armv7e-m\libg_nano.a(lib_a-exit.o)
 .ARM.attributes
                0x00000000       0x2e c:/program files (x86)/gnu tools arm embedded/4.9 2015q3/bin/../lib/gcc/arm-none-eabi/4.9.3/../../../../arm-none-eabi/lib/armv7e-m\libg_nano.a(lib_a-exit.o)
 .text          0x00000000        0x0 c:/program files (x86)/gnu tools arm embedded/4.9 2015q3/bin/../lib/gcc/arm-none-eabi/4.9.3/../../../../arm-none-eabi/lib/armv7e-m\libg_nano.a(lib_a-impure.o)
 .data          0x00000000        0x0 c:/program files (x86)/gnu tools arm embedded/4.9 2015q3/bin/../lib/gcc/arm-none-eabi/4.9.3/../../../../arm-none-eabi/lib/armv7e-m\libg_nano.a(lib_a-impure.o)
 .bss           0x00000000        0x0 c:/program files (x86)/gnu tools arm embedded/4.9 2015q3/bin/../lib/gcc/arm-none-eabi/4.9.3/../../../../arm-none-eabi/lib/armv7e-m\libg_nano.a(lib_a-impure.o)
 .data.impure_data
                0x00000000       0x60 c:/program files (x86)/gnu tools arm embedded/4.9 2015q3/bin/../lib/gcc/arm-none-eabi/4.9.3/../../../../arm-none-eabi/lib/armv7e-m\libg_nano.a(lib_a-impure.o)
 .data._impure_ptr
                0x00000000        0x4 c:/program files (x86)/gnu tools arm embedded/4.9 2015q3/bin/../lib/gcc/arm-none-eabi/4.9.3/../../../../arm-none-eabi/lib/armv7e-m\libg_nano.a(lib_a-impure.o)
 .rodata.str1.1
                0x00000000        0x2 c:/program files (x86)/gnu tools arm embedded/4.9 2015q3/bin/../lib/gcc/arm-none-eabi/4.9.3/../../../../arm-none-eabi/lib/armv7e-m\libg_nano.a(lib_a-impure.o)
 .rodata._global_impure_ptr
                0x00000000        0x4 c:/program files (x86)/gnu tools arm embedded/4.9 2015q3/bin/../lib/gcc/arm-none-eabi/4.9.3/../../../../arm-none-eabi/lib/armv7e-m\libg_nano.a(lib_a-impure.o)
 .ARM.attributes
                0x00000000       0x2e c:/program files (x86)/gnu tools arm embedded/4.9 2015q3/bin/../lib/gcc/arm-none-eabi/4.9.3/../../../../arm-none-eabi/lib/armv7e-m\libg_nano.a(lib_a-impure.o)
 .text          0x00000000        0x0 c:/program files (x86)/gnu tools arm embedded/4.9 2015q3/bin/../lib/gcc/arm-none-eabi/4.9.3/../../../../arm-none-eabi/lib/armv7e-m\libg_nano.a(lib_a-init.o)
 .data          0x00000000        0x0 c:/program files (x86)/gnu tools arm embedded/4.9 2015q3/bin/../lib/gcc/arm-none-eabi/4.9.3/../../../../arm-none-eabi/lib/armv7e-m\libg_nano.a(lib_a-init.o)
 .bss           0x00000000        0x0 c:/program files (x86)/gnu tools arm embedded/4.9 2015q3/bin/../lib/gcc/arm-none-eabi/4.9.3/../../../../arm-none-eabi/lib/armv7e-m\libg_nano.a(lib_a-init.o)
 .text.__libc_init_array
                0x00000000       0x4c c:/program files (x86)/gnu tools arm embedded/4.9 2015q3/bin/../lib/gcc/arm-none-eabi/4.9.3/../../../../arm-none-eabi/lib/armv7e-m\libg_nano.a(lib_a-init.o)
 .debug_frame   0x00000000       0x2c c:/program files (x86)/gnu tools arm embedded/4.9 2015q3/bin/../lib/gcc/arm-none-eabi/4.9.3/../../../../arm-none-eabi/lib/armv7e-m\libg_nano.a(lib_a-init.o)
 .ARM.attributes
                0x00000000       0x2e c:/program files (x86)/gnu tools arm embedded/4.9 2015q3/bin/../lib/gcc/arm-none-eabi/4.9.3/../../../../arm-none-eabi/lib/armv7e-m\libg_nano.a(lib_a-init.o)
 .text          0x00000000        0x0 c:/program files (x86)/gnu tools arm embedded/4.9 2015q3/bin/../lib/gcc/arm-none-eabi/4.9.3/../../../../arm-none-eabi/lib/armv7e-m\libg_nano.a(lib_a-memset.o)
 .data          0x00000000        0x0 c:/program files (x86)/gnu tools arm embedded/4.9 2015q3/bin/../lib/gcc/arm-none-eabi/4.9.3/../../../../arm-none-eabi/lib/armv7e-m\libg_nano.a(lib_a-memset.o)
 .bss           0x00000000        0x0 c:/program files (x86)/gnu tools arm embedded/4.9 2015q3/bin/../lib/gcc/arm-none-eabi/4.9.3/../../../../arm-none-eabi/lib/armv7e-m\libg_nano.a(lib_a-memset.o)
 .text.memset   0x00000000       0x10 c:/program files (x86)/gnu tools arm embedded/4.9 2015q3/bin/../lib/gcc/arm-none-eabi/4.9.3/../../../../arm-none-eabi/lib/armv7e-m\libg_nano.a(lib_a-memset.o)
 .debug_frame   0x00000000       0x20 c:/program files (x86)/gnu tools arm embedded/4.9 2015q3/bin/../lib/gcc/arm-none-eabi/4.9.3/../../../../arm-none-eabi/lib/armv7e-m\libg_nano.a(lib_a-memset.o)
 .ARM.attributes
                0x00000000       0x2e c:/program files (x86)/gnu tools arm embedded/4.9 2015q3/bin/../lib/gcc/arm-none-eabi/4.9.3/../../../../arm-none-eabi/lib/armv7e-m\libg_nano.a(lib_a-memset.o)
 .text          0x00000000        0x0 c:/program files (x86)/gnu tools arm embedded/4.9 2015q3/bin/../lib/gcc/arm-none-eabi/4.9.3/armv7e-m/crtend.o
 .data          0x00000000        0x0 c:/program files (x86)/gnu tools arm embedded/4.9 2015q3/bin/../lib/gcc/arm-none-eabi/4.9.3/armv7e-m/crtend.o
 .bss           0x00000000        0x0 c:/program files (x86)/gnu tools arm embedded/4.9 2015q3/bin/../lib/gcc/arm-none-eabi/4.9.3/armv7e-m/crtend.o
 .eh_frame      0x00000000        0x4 c:/program files (x86)/gnu tools arm embedded/4.9 2015q3/bin/../lib/gcc/arm-none-eabi/4.9.3/armv7e-m/crtend.o
 .jcr           0x00000000        0x4 c:/program files (x86)/gnu tools arm embedded/4.9 2015q3/bin/../lib/gcc/arm-none-eabi/4.9.3/armv7e-m/crtend.o
 .ARM.attributes
                0x00000000       0x2e c:/program files (x86)/gnu tools arm embedded/4.9 2015q3/bin/../lib/gcc/arm-none-eabi/4.9.3/armv7e-m/crtend.o
 .text          0x00000000        0x0 c:/program files (x86)/gnu tools arm embedded/4.9 2015q3/bin/../lib/gcc/arm-none-eabi/4.9.3/armv7e-m/crtn.o
 .data          0x00000000        0x0 c:/program files (x86)/gnu tools arm embedded/4.9 2015q3/bin/../lib/gcc/arm-none-eabi/4.9.3/armv7e-m/crtn.o
 .bss           0x00000000        0x0 c:/program files (x86)/gnu tools arm embedded/4.9 2015q3/bin/../lib/gcc/arm-none-eabi/4.9.3/armv7e-m/crtn.o

Memory Configuration

Name             Origin             Length             Attributes
FLASH            0x08000000         0x00100000         xr
RAM              0x20000000         0x00020000         xrw
MEMORY_B1        0x60000000         0x00000000         xr
CCMRAM           0x10000000         0x00010000         rw
*default*        0x00000000         0xffffffff

Linker script and memory map

LOAD c:/program files (x86)/gnu tools arm embedded/4.9 2015q3/bin/../lib/gcc/arm-none-eabi/4.9.3/armv7e-m/crti.o
LOAD c:/program files (x86)/gnu tools arm embedded/4.9 2015q3/bin/../lib/gcc/arm-none-eabi/4.9.3/armv7e-m/crtbegin.o
LOAD c:/program files (x86)/gnu tools arm embedded/4.9 2015q3/bin/../lib/gcc/arm-none-eabi/4.9.3/../../../../arm-none-eabi/lib/armv7e-m/crt0.o
LOAD ./src/main.o
LOAD ./src/stm32f4xx_it.o
LOAD ./src/system_stm32f4xx.o
LOAD c:/program files (x86)/gnu tools arm embedded/4.9 2015q3/bin/../lib/gcc/arm-none-eabi/4.9.3/../../../../arm-none-eabi/lib/armv7e-m\libstdc++_nano.a
LOAD c:/program files (x86)/gnu tools arm embedded/4.9 2015q3/bin/../lib/gcc/arm-none-eabi/4.9.3/../../../../arm-none-eabi/lib/armv7e-m\libm.a
START GROUP
LOAD c:/program files (x86)/gnu tools arm embedded/4.9 2015q3/bin/../lib/gcc/arm-none-eabi/4.9.3/armv7e-m\libgcc.a
LOAD c:/program files (x86)/gnu tools arm embedded/4.9 2015q3/bin/../lib/gcc/arm-none-eabi/4.9.3/../../../../arm-none-eabi/lib/armv7e-m\libg_nano.a
LOAD c:/program files (x86)/gnu tools arm embedded/4.9 2015q3/bin/../lib/gcc/arm-none-eabi/4.9.3/../../../../arm-none-eabi/lib/armv7e-m\libc_nano.a
END GROUP
START GROUP
LOAD c:/program files (x86)/gnu tools arm embedded/4.9 2015q3/bin/../lib/gcc/arm-none-eabi/4.9.3/armv7e-m\libgcc.a
LOAD c:/program files (x86)/gnu tools arm embedded/4.9 2015q3/bin/../lib/gcc/arm-none-eabi/4.9.3/../../../../arm-none-eabi/lib/armv7e-m\libc_nano.a
END GROUP
LOAD c:/program files (x86)/gnu tools arm embedded/4.9 2015q3/bin/../lib/gcc/arm-none-eabi/4.9.3/armv7e-m/crtend.o
LOAD c:/program files (x86)/gnu tools arm embedded/4.9 2015q3/bin/../lib/gcc/arm-none-eabi/4.9.3/armv7e-m/crtn.o
                0x20020000                _estack = 0x20020000
                0x00000000                _Min_Heap_Size = 0x0
                0x00000400                _Min_Stack_Size = 0x400

.isr_vector     0x20000000        0x0
                0x20000000                . = ALIGN (0x4)
 *(.isr_vector)
                0x20000000                . = ALIGN (0x4)

.text           0x20000000       0x74
                0x20000000                . = ALIGN (0x4)
 *(.text)
 .text          0x20000000       0x5c c:/program files (x86)/gnu tools arm embedded/4.9 2015q3/bin/../lib/gcc/arm-none-eabi/4.9.3/armv7e-m/crtbegin.o
 *(.text*)
 *(.rodata)
 *(.rodata*)
 *(.glue_7)
 .glue_7        0x00000000        0x0 linker stubs
 *(.glue_7t)
 .glue_7t       0x00000000        0x0 linker stubs
 *(.eh_frame)
 .eh_frame      0x2000005c        0x0 c:/program files (x86)/gnu tools arm embedded/4.9 2015q3/bin/../lib/gcc/arm-none-eabi/4.9.3/armv7e-m/crtbegin.o
 *(.init)
 .init          0x2000005c        0x4 c:/program files (x86)/gnu tools arm embedded/4.9 2015q3/bin/../lib/gcc/arm-none-eabi/4.9.3/armv7e-m/crti.o
                0x2000005c                _init
 .init          0x20000060        0x8 c:/program files (x86)/gnu tools arm embedded/4.9 2015q3/bin/../lib/gcc/arm-none-eabi/4.9.3/armv7e-m/crtn.o
 *(.fini)
 .fini          0x20000068        0x4 c:/program files (x86)/gnu tools arm embedded/4.9 2015q3/bin/../lib/gcc/arm-none-eabi/4.9.3/armv7e-m/crti.o
                0x20000068                _fini
 .fini          0x2000006c        0x8 c:/program files (x86)/gnu tools arm embedded/4.9 2015q3/bin/../lib/gcc/arm-none-eabi/4.9.3/armv7e-m/crtn.o
                0x20000074                . = ALIGN (0x4)
                0x20000074                _etext = .

.vfp11_veneer   0x20000074        0x0
 .vfp11_veneer  0x00000000        0x0 linker stubs

.v4_bx          0x20000074        0x0
 .v4_bx         0x00000000        0x0 linker stubs

.iplt           0x20000074        0x0
 .iplt          0x00000000        0x0 c:/program files (x86)/gnu tools arm embedded/4.9 2015q3/bin/../lib/gcc/arm-none-eabi/4.9.3/armv7e-m/crtbegin.o

.rel.dyn        0x20000074        0x0
 .rel.iplt      0x00000000        0x0 c:/program files (x86)/gnu tools arm embedded/4.9 2015q3/bin/../lib/gcc/arm-none-eabi/4.9.3/armv7e-m/crtbegin.o

.ARM.extab
 *(.ARM.extab* .gnu.linkonce.armextab.*)

.ARM            0x20000074        0x0
                0x20000074                __exidx_start = .
 *(.ARM.exidx*)
                0x20000074                __exidx_end = .

.preinit_array  0x20000074        0x0
                0x20000074                PROVIDE (__preinit_array_start, .)
 *(.preinit_array*)
                0x20000074                PROVIDE (__preinit_array_end, .)

.init_array     0x20000074        0x4
                0x20000074                PROVIDE (__init_array_start, .)
 *(SORT(.init_array.*))
 *(.init_array*)
 .init_array    0x20000074        0x4 c:/program files (x86)/gnu tools arm embedded/4.9 2015q3/bin/../lib/gcc/arm-none-eabi/4.9.3/armv7e-m/crtbegin.o
                0x20000078                PROVIDE (__init_array_end, .)

.fini_array     0x20000078        0x4
                0x20000078                PROVIDE (__fini_array_start, .)
 *(SORT(.fini_array.*))
 *(.fini_array*)
 .fini_array    0x20000078        0x4 c:/program files (x86)/gnu tools arm embedded/4.9 2015q3/bin/../lib/gcc/arm-none-eabi/4.9.3/armv7e-m/crtbegin.o
                0x2000007c                PROVIDE (__fini_array_end, .)
                0x2000007c                _sidata = LOADADDR (.data)

.data           0x2000007c        0x0
                0x2000007c                . = ALIGN (0x4)
                0x2000007c                _sdata = .
 *(.data)
 *(.data*)
                0x2000007c                . = ALIGN (0x4)
                0x2000007c                _edata = .
                0x10000000                _siccmram = LOADADDR (.ccmram)

.jcr            0x2000007c        0x0
 .jcr           0x2000007c        0x0 c:/program files (x86)/gnu tools arm embedded/4.9 2015q3/bin/../lib/gcc/arm-none-eabi/4.9.3/armv7e-m/crtbegin.o

.igot.plt       0x2000007c        0x0
 .igot.plt      0x00000000        0x0 c:/program files (x86)/gnu tools arm embedded/4.9 2015q3/bin/../lib/gcc/arm-none-eabi/4.9.3/armv7e-m/crtbegin.o

.ccmram         0x10000000        0x0
                0x10000000                . = ALIGN (0x4)
                0x10000000                _sccmram = .
 *(.ccmram)
 *(.ccmram*)
                0x10000000                . = ALIGN (0x4)
                0x10000000                _eccmram = .
                0x10000000                . = ALIGN (0x4)

.bss            0x2000007c       0x1c
                0x2000007c                _sbss = .
                0x2000007c                __bss_start__ = _sbss
 *(.bss)
 .bss           0x2000007c       0x1c c:/program files (x86)/gnu tools arm embedded/4.9 2015q3/bin/../lib/gcc/arm-none-eabi/4.9.3/armv7e-m/crtbegin.o
 *(.bss*)
 *(COMMON)
                0x20000098                . = ALIGN (0x4)
                0x20000098                _ebss = .
                0x20000098                __bss_end__ = _ebss

._user_heap_stack
                0x20000098      0x400
                0x20000098                . = ALIGN (0x4)
                0x20000098                PROVIDE (end, .)
                0x20000098                PROVIDE (_end, .)
                0x20000098                . = (. + _Min_Heap_Size)
                0x20000498                . = (. + _Min_Stack_Size)
 *fill*         0x20000098      0x400 
                0x20000498                . = ALIGN (0x4)

.memory_b1_text
 *(.mb1text)
 *(.mb1text*)
 *(.mb1rodata)
 *(.mb1rodata*)

/DISCARD/
 libc.a(*)
 libm.a(*)
 libgcc.a(*)

.ARM.attributes
                0x00000000       0x2a
 *(.ARM.attributes)
 .ARM.attributes
                0x00000000       0x1e c:/program files (x86)/gnu tools arm embedded/4.9 2015q3/bin/../lib/gcc/arm-none-eabi/4.9.3/armv7e-m/crti.o
 .ARM.attributes
                0x0000001e       0x2e c:/program files (x86)/gnu tools arm embedded/4.9 2015q3/bin/../lib/gcc/arm-none-eabi/4.9.3/armv7e-m/crtbegin.o
 .ARM.attributes
                0x0000004c       0x1e c:/program files (x86)/gnu tools arm embedded/4.9 2015q3/bin/../lib/gcc/arm-none-eabi/4.9.3/armv7e-m/crtn.o
OUTPUT(1.elf elf32-littlearm)
